Reading netlist file: "C:\Users\Valdir\Documents\Develop\fpga\tangPrime20k\spi_cnc_controller\impl\gwsynthesis\spi_cnc_controller.vg"
Parsing netlist file "C:\Users\Valdir\Documents\Develop\fpga\tangPrime20k\spi_cnc_controller\impl\gwsynthesis\spi_cnc_controller.vg" completed
Processing netlist completed
Reading constraint file: "C:\Users\Valdir\Documents\Develop\fpga\tangPrime20k\spi_cnc_controller\src\spi_cnc_controller_3v3.cst"
Physical Constraint parsed completed
Running placement......
[10%] Placement Phase 0 completed
[20%] Placement Phase 1 completed
[30%] Placement Phase 2 completed
[50%] Placement Phase 3 completed
Running routing......
[60%] Routing Phase 0 completed
[70%] Routing Phase 1 completed
[80%] Routing Phase 2 completed
[90%] Routing Phase 3 completed
Running timing analysis......
[95%] Timing analysis completed
Placement and routing completed
Bitstream generation in progress......
Bitstream generation completed
Running power analysis......
[100%] Power analysis completed
Generate file "C:\Users\Valdir\Documents\Develop\fpga\tangPrime20k\spi_cnc_controller\impl\pnr\spi_cnc_controller.power.html" completed
Generate file "C:\Users\Valdir\Documents\Develop\fpga\tangPrime20k\spi_cnc_controller\impl\pnr\spi_cnc_controller.pin.html" completed
Generate file "C:\Users\Valdir\Documents\Develop\fpga\tangPrime20k\spi_cnc_controller\impl\pnr\spi_cnc_controller.rpt.html" completed
Generate file "C:\Users\Valdir\Documents\Develop\fpga\tangPrime20k\spi_cnc_controller\impl\pnr\spi_cnc_controller.rpt.txt" completed
Generate file "C:\Users\Valdir\Documents\Develop\fpga\tangPrime20k\spi_cnc_controller\impl\pnr\spi_cnc_controller.tr.html" completed
Sat Sep  6 15:57:52 2025

